// Jest Snapshot v1, https://jestjs.io/docs/snapshot-testing

exports[`Movix handle battle royal 1`] = `
[
  {
    "meta": {
      "countryCodes": [
        "fr",
      ],
      "title": "Battle Royale",
    },
    "url": "https://lecteur6.com/video/18085327b86002fc604c323b9a07f997",
  },
  {
    "meta": {
      "countryCodes": [
        "fr",
      ],
      "title": "Battle Royale",
    },
    "url": "https://vidoza.net/embed-55hvynbdyqvc.html",
  },
  {
    "meta": {
      "countryCodes": [
        "fr",
      ],
      "title": "Battle Royale",
    },
    "url": "https://wishonly.site/e/kykhuv6tscs8",
  },
  {
    "meta": {
      "countryCodes": [
        "fr",
      ],
      "title": "Battle Royale",
    },
    "url": "https://darkibox.com/embed-5ghz7myucfjq.html",
  },
  {
    "meta": {
      "countryCodes": [
        "fr",
      ],
      "title": "Battle Royale",
    },
    "url": "https://supervideo.cc/e/uieh17bid0ce",
  },
  {
    "meta": {
      "countryCodes": [
        "fr",
      ],
      "title": "Battle Royale",
    },
    "url": "https://dood.li/e/gha75crrm8nf",
  },
  {
    "meta": {
      "countryCodes": [
        "fr",
      ],
      "title": "Battle Royale",
    },
    "url": "https://filemoon.sx/e/c5lhlypfasmm",
  },
  {
    "meta": {
      "countryCodes": [
        "fr",
      ],
      "title": "Battle Royale",
    },
    "url": "https://voe.sx/e/aghpmosgkhsu",
  },
  {
    "meta": {
      "countryCodes": [
        "fr",
      ],
      "title": "Battle Royale",
    },
    "url": "http://vidmoly.me/embed-79w00r2qv88n.html",
  },
  {
    "meta": {
      "countryCodes": [
        "fr",
      ],
      "title": "Battle Royale",
    },
    "url": "https://waaw.to/f/JWzt5eJSbpu8",
  },
  {
    "meta": {
      "countryCodes": [
        "fr",
      ],
      "title": "Battle Royale",
    },
    "url": "https://veev.to/e/lu4c24e3aetf",
  },
  {
    "meta": {
      "countryCodes": [
        "fr",
      ],
      "title": "Battle Royale",
    },
    "url": "https://listeamed.net/e/eL2157Kzw8m5rw4",
  },
]
`;

exports[`Movix handle tmdb black mirror s4e2 1`] = `
[
  {
    "meta": {
      "countryCodes": [
        "fr",
      ],
      "title": "Black Mirror 4x2",
    },
    "url": "https://uqload.net/embed-xjmhb7rbzdjh.html",
  },
  {
    "meta": {
      "countryCodes": [
        "fr",
      ],
      "title": "Black Mirror 4x2",
    },
    "url": "https://lulustream.com/e/c3defa2cbtmm",
  },
  {
    "meta": {
      "countryCodes": [
        "fr",
      ],
      "title": "Black Mirror 4x2",
    },
    "url": "https://wishonly.site/e/bzfdmjlrsqxk",
  },
  {
    "meta": {
      "countryCodes": [
        "fr",
      ],
      "title": "Black Mirror 4x2",
    },
    "url": "https://vidoza.net/embed-i2e8gn4m64e1.html",
  },
  {
    "meta": {
      "countryCodes": [
        "fr",
      ],
      "title": "Black Mirror 4x2",
    },
    "url": "https://filemoon.sx/e/0iuzfpt5cbx6",
  },
  {
    "meta": {
      "countryCodes": [
        "fr",
      ],
      "title": "Black Mirror 4x2",
    },
    "url": "https://voe.sx/e/mustkdlxo67t",
  },
  {
    "meta": {
      "countryCodes": [
        "fr",
      ],
      "title": "Black Mirror 4x2",
    },
    "url": "http://vidmoly.me/embed-2rls953tvhxc.html",
  },
  {
    "meta": {
      "countryCodes": [
        "fr",
      ],
      "title": "Black Mirror 4x2",
    },
    "url": "https://waaw.to/f/GdQ6mHpxPdd8",
  },
  {
    "meta": {
      "countryCodes": [
        "fr",
      ],
      "title": "Black Mirror 4x2",
    },
    "url": "https://veev.to/e/nifwerilwo0i",
  },
  {
    "meta": {
      "countryCodes": [
        "fr",
      ],
      "title": "Black Mirror 4x2",
    },
    "url": "https://listeamed.net/e/8ozgENePwdLxmjA",
  },
  {
    "meta": {
      "countryCodes": [
        "fr",
      ],
      "title": "Black Mirror 4x2",
    },
    "url": "https://coflix.upn.one/#x63hig",
  },
  {
    "meta": {
      "countryCodes": [
        "fr",
      ],
      "title": "Black Mirror 4x2",
    },
    "url": "https://do7go.com/e/2zn4y7ueq1ta",
  },
  {
    "meta": {
      "countryCodes": [
        "fr",
      ],
      "title": "Black Mirror 4x2",
    },
    "url": "https://movearnpre.com/embed/eiel2p4z74kp",
  },
]
`;

exports[`Movix handles non-existent movie gracefully 1`] = `[]`;

exports[`Movix handles non-existent show gracefully 1`] = `[]`;
